// Jest Snapshot v1, https://goo.gl/fbAQLP

exports[`Wallet component renders properly 1`] = `
<div>
  <h3
    className="balance"
  >
    Wallet Balance: 
    20
  </h3>
</div>
`;
